CREATE FUNCTION update_view() RETURNS trigger LANGUAGE C AS '$libdir/updatable_views', 'update_view';
